[Opcje]
Po³¹czenie=1
Inkrementacja=0
Logiczne=0
Arytmetyczne=0
Stos=1
RejestrX=0
RejestrY=0
Przerwania=1
Wejœcie=1
Znaczniki=0
Adres=7
Kod=4
[Rozkazy]
Liczba=14
Nazwa1=stp
Nazwa2=dod
Nazwa3=ode
Nazwa4=pob
Nazwa5=³ad
Nazwa6=sob
Nazwa7=som
Nazwa8=soz
Nazwa9=dns
Nazwa10=pwr
Nazwa11=pzs
Nazwa12=sdp
Nazwa13=wpr
Nazwa14=wyp
[stp]
Linie=5
Linia1=// zakoñczenie programu
Linia2=ROZKAZ STP;
Linia3=Argumenty 0;
Linia4=czyt wys wei il;
Linia5=stop;
[dod]
Linie=9
Linia1=// DOD w wersji przerywalnej
Linia2=ROZKAZ DOD;
Linia3=czyt wys wei il;
Linia4=wyad wea eni JE¯ELI int TO @przerwanie GDY NIE @koñcz;
Linia5=@koñcz czyt wys weja dod weak wyl wea KONIEC;
Linia6=@przerwanie czyt wys weja dod weak dws;
Linia7=wyls wes wyws wea;
Linia8=pisz wyap wel wea rint;
Linia9=
[ode]
Linie=5
Linia1=// (Ak)-((Ad))->Ak
Linia2=ROZKAZ ODE;
Linia3=czyt wys wei il;
Linia4=wyad wea;
Linia5=czyt wys weja ode weak wyl wea;
[pob]
Linie=5
Linia1=// ((Ad))->Ak
Linia2=ROZKAZ POB;
Linia3=czyt wys wei il;
Linia4=wyad wea;
Linia5=czyt wys weja przep weak wyl wea;
[³ad]
Linie=5
Linia1=// (Ak)->(Ad)
Linia2=ROZKAZ £AD;
Linia3=czyt wys wei il;
Linia4=wyad wea wyak wes;
Linia5=pisz wyl wea;
[sob]
Linie=5
Linia1=// skok bezwarunkowy
Linia2=ROZKAZ SOB;
Linia3=Argumenty 1;
Linia4=czyt wys wei il;
Linia5=wyad wea wel;
[som]
Linie=6
Linia1=// skok gdy (AK) < 0
Linia2=ROZKAZ SOM;
Linia3=czyt wys wei il;
Linia4=JE¯ELI Z TO @ujemne GDY NIE @dodatnie;
Linia5=@ujemne wyad wea wel KONIEC;
Linia6=@dodatnie wyl wea;
[soz]
Linie=6
Linia1=// skok gdy (AK) = 0
Linia2=ROZKAZ SOZ;
Linia3=czyt wys wei il;
Linia4=JE¯ELI zak TO @zero GDY NIE @niezero;
Linia5=@zero wyad wea wel KONIEC;
Linia6=@niezero wyl wea;
[dns]
Linie=6
Linia1=ROZKAZ DNS;
Linia2=ARGUMENTY 0;
Linia3=czyt wys wei il;
Linia4=dws;
Linia5=wyws wea wyak wes;
Linia6=pisz wyl wea;
[pwr]
Linie=5
Linia1=ROZKAZ PWR;
Linia2=ARGUMENTY 0;
Linia3=czyt wys wei il;
Linia4=wyws wea iws;
Linia5=czyt wys sa wel wea;
[pzs]
Linie=5
Linia1=ROZKAZ PZS;
Linia2=ARGUMENTY 0;
Linia3=czyt wys wei il;
Linia4=wyws wea iws;
Linia5=czyt wys weja przep weak wyl wea;
[sdp]
Linie=5
Linia1=ROZKAZ SDP;
Linia2=czyt wys wei il;
Linia3=dws;
Linia4=wyls wes wyws wea;
Linia5=pisz wyad wea wel;
[wpr]
Linie=6
Linia1=// wczytaj znak z urz¹dzenia zewnêtrznego
Linia2=ROZKAZ WPR;
Linia3=czyt wys wei il;
Linia4=wyak weja ode weak start;
Linia5=@czekaj wyrb weja ode weak JE¯ELI Z TO @gotowe GDY NIE @czekaj;
Linia6=@gotowe wyrb weja przep weak wyl wea;
[wyp]
Linie=7
Linia1=// wyprowadŸ znak na urz¹dzenie zewnêtrzne
Linia2=ROZKAZ WYP;
Linia3=czyt wys wei il;
Linia4=wyak weja werb start;
Linia5=wyak wes weja ode weak;
Linia6=@czeka wyg weja ode weak je¿eli z to @gotowe gdy nie @czeka;
Linia7=@gotowe wys weja przep weak wyl wea;
